../Core/Src/main.c:265:6:SystemClock_Config	3
../Core/Src/main.c:759:6:clean_data_buffer	1
../Core/Src/main.c:826:6:gpio_set_config	1
../Core/Src/main.c:979:9:decodeASCII	1
../Core/Src/main.c:987:9:combine_system_status	1
../Core/Src/main.c:844:6:handleCAN	8
../Core/Src/main.c:1002:6:configureCAN	1
../Core/Src/main.c:1019:10:find_next_blank_page_all	1
../Core/Src/main.c:766:6:systemInit	1
../Core/Src/main.c:879:6:handleUART	23
../Core/Src/main.c:126:5:main	31
../Core/Src/main.c:1036:6:Error_Handler	1
