../Core/Src/main.c:107:5:main	6
../Core/Src/main.c:195:6:SystemClock_Config	3
../Core/Src/main.c:238:13:MX_I2C1_Init	4
../Core/Src/main.c:286:13:MX_I2C2_Init	4
../Core/Src/main.c:334:13:MX_RTC_Init	2
../Core/Src/main.c:369:13:MX_SPI1_Init	2
../Core/Src/main.c:407:13:MX_SPI2_Init	2
../Core/Src/main.c:445:13:MX_TIM6_Init	3
../Core/Src/main.c:483:13:MX_USART2_UART_Init	2
../Core/Src/main.c:514:13:MX_DMA_Init	1
../Core/Src/main.c:536:13:MX_GPIO_Init	1
../Core/Src/main.c:615:6:clean_data_buffer	2
../Core/Src/main.c:621:6:systemInit	2
../Core/Src/main.c:663:6:gpio_set_config	1
../Core/Src/main.c:682:6:handleUART	22
../Core/Src/main.c:769:9:decodeASCII	3
../Core/Src/main.c:782:6:Error_Handler	1
