../Core/Src/main.c:122:5:main	8
../Core/Src/main.c:221:6:SystemClock_Config	3
../Core/Src/main.c:268:13:MX_CAN2_Init	2
../Core/Src/main.c:305:13:MX_I2C1_Init	4
../Core/Src/main.c:353:13:MX_I2C2_Init	4
../Core/Src/main.c:401:13:MX_RTC_Init	2
../Core/Src/main.c:436:13:MX_SPI1_Init	2
../Core/Src/main.c:474:13:MX_SPI2_Init	2
../Core/Src/main.c:512:13:MX_TIM6_Init	3
../Core/Src/main.c:550:13:MX_TIM7_Init	3
../Core/Src/main.c:588:13:MX_USART2_UART_Init	2
../Core/Src/main.c:619:13:MX_DMA_Init	1
../Core/Src/main.c:641:13:MX_GPIO_Init	1
../Core/Src/main.c:710:6:clean_data_buffer	2
../Core/Src/main.c:716:6:systemInit	2
../Core/Src/main.c:774:6:gpio_set_config	1
../Core/Src/main.c:791:6:handleCAN	6
../Core/Src/main.c:820:6:handleUART	23
../Core/Src/main.c:913:9:decodeASCII	3
../Core/Src/main.c:921:9:combine_system_status	1
../Core/Src/main.c:936:6:configureCAN	1
../Core/Src/main.c:960:6:Error_Handler	1
